// Jest Snapshot v1, https://goo.gl/fbAQLP

exports[`Prueba primeraApp componente debe mostrar <PrimeraApp /> correctamente  1`] = `
<Fragment>
  <h1>
    Hola, soy dairo
  </h1>
  <h2>
    Soy un subtitulo
  </h2>
</Fragment>
`;
